src/components/common/Modal.tsx(4,1): error TS6133: 'Button' is declared but its value is never read.
